{
  "version": "1.5.0",
  "plugins_used": [
    {
      "name": "ArtifactoryDetector"
    },
    {
      "name": "AWSKeyDetector"
    },
    {
      "name": "AzureStorageKeyDetector"
    },
    {
      "name": "Base64HighEntropyString",
      "limit": 4.5
    },
    {
      "name": "BasicAuthDetector"
    },
    {
      "name": "CloudantDetector"
    },
    {
      "name": "DiscordBotTokenDetector"
    },
    {
      "name": "GitHubTokenDetector"
    },
    {
      "name": "GitLabTokenDetector"
    },
    {
      "name": "HexHighEntropyString",
      "limit": 3.0
    },
    {
      "name": "IbmCloudIamDetector"
    },
    {
      "name": "IbmCosHmacDetector"
    },
    {
      "name": "IPPublicDetector"
    },
    {
      "name": "JwtTokenDetector"
    },
    {
      "name": "KeywordDetector",
      "keyword_exclude": ""
    },
    {
      "name": "MailchimpDetector"
    },
    {
      "name": "NpmDetector"
    },
    {
      "name": "OpenAIDetector"
    },
    {
      "name": "PrivateKeyDetector"
    },
    {
      "name": "PypiTokenDetector"
    },
    {
      "name": "SendGridDetector"
    },
    {
      "name": "SlackDetector"
    },
    {
      "name": "SoftlayerDetector"
    },
    {
      "name": "SquareOAuthDetector"
    },
    {
      "name": "StripeDetector"
    },
    {
      "name": "TelegramBotTokenDetector"
    },
    {
      "name": "TwilioKeyDetector"
    }
  ],
  "filters_used": [
    {
      "path": "detect_secrets.filters.allowlist.is_line_allowlisted"
    },
    {
      "path": "detect_secrets.filters.common.is_baseline_file",
      "filename": ".secrets.baseline"
    },
    {
      "path": "detect_secrets.filters.common.is_ignored_due_to_verification_policies",
      "min_level": 2
    },
    {
      "path": "detect_secrets.filters.heuristic.is_indirect_reference"
    },
    {
      "path": "detect_secrets.filters.heuristic.is_likely_id_string"
    },
    {
      "path": "detect_secrets.filters.heuristic.is_lock_file"
    },
    {
      "path": "detect_secrets.filters.heuristic.is_not_alphanumeric_string"
    },
    {
      "path": "detect_secrets.filters.heuristic.is_potential_uuid"
    },
    {
      "path": "detect_secrets.filters.heuristic.is_prefixed_with_dollar_sign"
    },
    {
      "path": "detect_secrets.filters.heuristic.is_sequential_string"
    },
    {
      "path": "detect_secrets.filters.heuristic.is_swagger_file"
    },
    {
      "path": "detect_secrets.filters.heuristic.is_templated_secret"
    },
    {
      "path": "detect_secrets.filters.regex.should_exclude_file",
      "pattern": [
        ".*\\.lock|tests/fixtures/.*"
      ]
    }
  ],
  "results": {
    "config\\generic_sources.yaml": [
      {
        "type": "Secret Keyword",
        "filename": "config\\generic_sources.yaml",
        "hashed_secret": "fca71afec681b7c2932610046e8e524820317e47",
        "is_verified": false,
        "line_number": 250
      }
    ],
    "docker\\searxng\\settings.yml": [
      {
        "type": "Secret Keyword",
        "filename": "docker\\searxng\\settings.yml",
        "hashed_secret": "c8320edc1109158d7a087dffadeb2d947032ee2d",
        "is_verified": false,
        "line_number": 15
      }
    ],
    "src\\clients\\llm_client.py": [
      {
        "type": "Secret Keyword",
        "filename": "src\\clients\\llm_client.py",
        "hashed_secret": "e774aaeac31c6272107ba89080295e277050fa7c",
        "is_verified": false,
        "line_number": 1233
      }
    ],
    "tests\\integration\\test_pipeline.py": [
      {
        "type": "Secret Keyword",
        "filename": "tests\\integration\\test_pipeline.py",
        "hashed_secret": "3acfb2c2b433c0ea7ff107e33df91b18e52f960f",
        "is_verified": false,
        "line_number": 195
      }
    ],
    "tests\\integration\\test_searchers.py": [
      {
        "type": "Secret Keyword",
        "filename": "tests\\integration\\test_searchers.py",
        "hashed_secret": "ee01f5d920e5692f63a38a783bbb4f893fc13131",
        "is_verified": false,
        "line_number": 88
      },
      {
        "type": "Secret Keyword",
        "filename": "tests\\integration\\test_searchers.py",
        "hashed_secret": "573284fda28a2fde7f65c8419e4909286a932f1c",
        "is_verified": false,
        "line_number": 89
      },
      {
        "type": "Secret Keyword",
        "filename": "tests\\integration\\test_searchers.py",
        "hashed_secret": "475e81e79c7880f9b5caa35bec50279c459ad2f9",
        "is_verified": false,
        "line_number": 771
      }
    ],
    "tests\\test_bloco6_performance.py": [
      {
        "type": "Secret Keyword",
        "filename": "tests\\test_bloco6_performance.py",
        "hashed_secret": "573284fda28a2fde7f65c8419e4909286a932f1c",
        "is_verified": false,
        "line_number": 232
      }
    ],
    "tests\\test_bloco8_arquitetura.py": [
      {
        "type": "Secret Keyword",
        "filename": "tests\\test_bloco8_arquitetura.py",
        "hashed_secret": "cbfdac6008f9cab4083784cbd1874f76618d2a97",
        "is_verified": false,
        "line_number": 48
      }
    ],
    "tests\\test_dashboard_api.py": [
      {
        "type": "Secret Keyword",
        "filename": "tests\\test_dashboard_api.py",
        "hashed_secret": "9d6b075d1e287146cc2543e81927f748ec2c5acc",
        "is_verified": false,
        "line_number": 147
      }
    ],
    "tests\\test_llm_client_router.py": [
      {
        "type": "Secret Keyword",
        "filename": "tests\\test_llm_client_router.py",
        "hashed_secret": "3acfb2c2b433c0ea7ff107e33df91b18e52f960f",
        "is_verified": false,
        "line_number": 20
      },
      {
        "type": "Secret Keyword",
        "filename": "tests\\test_llm_client_router.py",
        "hashed_secret": "a94a8fe5ccb19ba61c4c0873d391e987982fbbd3",
        "is_verified": false,
        "line_number": 44
      }
    ],
    "tests\\test_newsapi_searcher.py": [
      {
        "type": "Secret Keyword",
        "filename": "tests\\test_newsapi_searcher.py",
        "hashed_secret": "488dce1fcb035b57148cfc40e0076de4fbf62426",
        "is_verified": false,
        "line_number": 29
      }
    ],
    "tests\\test_part1_foundation.py": [
      {
        "type": "Secret Keyword",
        "filename": "tests\\test_part1_foundation.py",
        "hashed_secret": "3acfb2c2b433c0ea7ff107e33df91b18e52f960f",
        "is_verified": false,
        "line_number": 30
      }
    ],
    "tests\\test_part2_clients_searchers.py": [
      {
        "type": "Secret Keyword",
        "filename": "tests\\test_part2_clients_searchers.py",
        "hashed_secret": "a94a8fe5ccb19ba61c4c0873d391e987982fbbd3",
        "is_verified": false,
        "line_number": 21
      },
      {
        "type": "Secret Keyword",
        "filename": "tests\\test_part2_clients_searchers.py",
        "hashed_secret": "2f396da8181cdad0a0c2a92c8eed3edf6d86ef9c",
        "is_verified": false,
        "line_number": 56
      },
      {
        "type": "Secret Keyword",
        "filename": "tests\\test_part2_clients_searchers.py",
        "hashed_secret": "e774aaeac31c6272107ba89080295e277050fa7c",
        "is_verified": false,
        "line_number": 73
      }
    ],
    "tests\\test_part4_orchestration.py": [
      {
        "type": "Secret Keyword",
        "filename": "tests\\test_part4_orchestration.py",
        "hashed_secret": "a94a8fe5ccb19ba61c4c0873d391e987982fbbd3",
        "is_verified": false,
        "line_number": 61
      }
    ],
    "tests\\test_searchers\\test_scraper_cascade.py": [
      {
        "type": "Secret Keyword",
        "filename": "tests\\test_searchers\\test_scraper_cascade.py",
        "hashed_secret": "b0a37c73a7eb2d556b9f716adbe6ee0520e9a425",
        "is_verified": false,
        "line_number": 34
      },
      {
        "type": "Secret Keyword",
        "filename": "tests\\test_searchers\\test_scraper_cascade.py",
        "hashed_secret": "3ec684f04493ffa3f67a219c8955a0528e1d0931",
        "is_verified": false,
        "line_number": 35
      },
      {
        "type": "Secret Keyword",
        "filename": "tests\\test_searchers\\test_scraper_cascade.py",
        "hashed_secret": "36550fe276c46b1815a980924afd17971c4403e4",
        "is_verified": false,
        "line_number": 36
      }
    ],
    "tests\\test_searchers\\test_spider_searcher.py": [
      {
        "type": "Secret Keyword",
        "filename": "tests\\test_searchers\\test_spider_searcher.py",
        "hashed_secret": "b0a37c73a7eb2d556b9f716adbe6ee0520e9a425",
        "is_verified": false,
        "line_number": 12
      }
    ],
    "tests\\test_searchers\\test_steel_searcher.py": [
      {
        "type": "Secret Keyword",
        "filename": "tests\\test_searchers\\test_steel_searcher.py",
        "hashed_secret": "3ec684f04493ffa3f67a219c8955a0528e1d0931",
        "is_verified": false,
        "line_number": 12
      },
      {
        "type": "Secret Keyword",
        "filename": "tests\\test_searchers\\test_steel_searcher.py",
        "hashed_secret": "a62f2225bf70bfaccbc7f1ef2a397836717377de",
        "is_verified": false,
        "line_number": 40
      }
    ],
    "tests\\test_sra_v46.py": [
      {
        "type": "Secret Keyword",
        "filename": "tests\\test_sra_v46.py",
        "hashed_secret": "36550fe276c46b1815a980924afd17971c4403e4",
        "is_verified": false,
        "line_number": 293
      }
    ],
    "tests\\test_youtube_searcher.py": [
      {
        "type": "Secret Keyword",
        "filename": "tests\\test_youtube_searcher.py",
        "hashed_secret": "00942f4668670f34c5943cf52c7ef3139fe2b8d6",
        "is_verified": false,
        "line_number": 46
      }
    ]
  },
  "generated_at": "2026-07-16T17:14:46Z"
}
